Traceback (most recent call last):
  File "C:\Users\Raulji Siddharthsinh\AppData\Local\Programs\Python\Python310\lib\site-packages\uvicorn\protocols\http\httptools_impl.py", line 407, in run_asgi
    result = await app(  # type: ignore[func-returns-value]
  File "C:\Users\Raulji Siddharthsinh\AppData\Local\Programs\Python\Python310\lib\site-packages\uvicorn\middleware\proxy_headers.py", line 78, in __call__
    return await self.app(scope, receive, send)
  File "C:\Users\Raulji Siddharthsinh\AppData\Local\Programs\Python\Python310\lib\site-packages\fastapi\applications.py", line 270, in __call__
    await super().__call__(scope, receive, send)
  File "C:\Users\Raulji Siddharthsinh\AppData\Local\Programs\Python\Python310\lib\site-packages\starlette\applications.py", line 124, in __call__
    await self.middleware_stack(scope, receive, send)
  File "C:\Users\Raulji Siddharthsinh\AppData\Local\Programs\Python\Python310\lib\site-packages\starlette\middleware\errors.py", line 184, in __call__
    raise exc
  File "C:\Users\Raulji Siddharthsinh\AppData\Local\Programs\Python\Python310\lib\site-packages\starlette\middleware\errors.py", line 162, in __call__
    await self.app(scope, receive, send)
  File "C:\Users\Raulji Siddharthsinh\AppData\Local\Programs\Python\Python310\lib\site-packages\starlette\middleware\exceptions.py", line 79, in __call__
    raise exc
  File "C:\Users\Raulji Siddharthsinh\AppData\Local\Programs\Python\Python310\lib\site-packages\starlette\middleware\exceptions.py", line 68, in __call__
    await self.app(scope, receive, send)
  File "C:\Users\Raulji Siddharthsinh\AppData\Local\Programs\Python\Python310\lib\site-packages\starlette\routing.py", line 706, in __call__
    await route.handle(scope, receive, send)
  File "C:\Users\Raulji Siddharthsinh\AppData\Local\Programs\Python\Python310\lib\site-packages\starlette\routing.py", line 276, in handle
    await self.app(scope, receive, send)
  File "C:\Users\Raulji Siddharthsinh\AppData\Local\Programs\Python\Python310\lib\site-packages\starlette\routing.py", line 66, in app
    response = await func(request)
  File "C:\Users\Raulji Siddharthsinh\AppData\Local\Programs\Python\Python310\lib\site-packages\fastapi\routing.py", line 237, in app
    raw_response = await run_endpoint_function(
  File "C:\Users\Raulji Siddharthsinh\AppData\Local\Programs\Python\Python310\lib\site-packages\fastapi\routing.py", line 163, in run_endpoint_function
    return await dependant.call(**values)
  File "c:\Users\Raulji Siddharthsinh\OneDrive\Desktop\PromptLens\src\proxy\server.py", line 55, in process_proxy_message
    compressed_body = compress_payload(body)
  File "c:\Users\Raulji Siddharthsinh\OneDrive\Desktop\PromptLens\src\compress\json_compressor.py", line 49, in compress_payload
    return json.dumps(compress_json(json.loads(body), max_tokens=100))
  File "c:\Users\Raulji Siddharthsinh\OneDrive\Desktop\PromptLens\src\compress\json_compressor.py", line 82, in compress_json
    raise KeyError("Missing required key: 'id'")
KeyError: "Missing required key: 'id'"