npm WARN deprecated inflight@1.0.6: This module is not supported, and leaks memory.
npm WARN deprecated glob@7.2.3: Glob versions prior to v9 are no longer supported
npm WARN deprecated rimraf@3.0.2: Rimraf versions prior to v4 are no longer supported
npm WARN deprecated tar@6.2.1: Please upgrade to tar v7 or later
npm WARN deprecated inflight@1.0.6: This module is not supported, and leaks memory.
npm WARN deprecated glob@7.2.3: Glob versions prior to v9 are no longer supported
npm WARN deprecated rimraf@3.0.2: Rimraf versions prior to v4 are no longer supported
npm WARN deprecated tar@6.2.1: Please upgrade to tar v7 or later
npm WARN deprecated inflight@1.0.6: This module is not supported, and leaks memory.
npm WARN deprecated glob@7.2.3: Glob versions prior to v9 are no longer supported
npm WARN deprecated rimraf@3.0.2: Rimraf versions prior to v4 are no longer supported
npm WARN deprecated tar@6.2.1: Please upgrade to tar v7 or later
npm WARN deprecated inflight@1.0.6: This module is not supported, and leaks memory.
npm WARN deprecated glob@7.2.3: Glob versions prior to v9 are no longer supported
npm WARN deprecated rimraf@3.0.2: Rimraf versions prior to v4 are no longer supported
npm WARN deprecated tar@6.2.1: Please upgrade to tar v7 or later
npm WARN deprecated inflight@1.0.6: This module is not supported, and leaks memory.
npm WARN deprecated glob@7.2.3: Glob versions prior to v9 are no longer supported
npm WARN deprecated rimraf@3.0.2: Rimraf versions prior to v4 are no longer supported
npm WARN deprecated tar@6.2.1: Please upgrade to tar v7 or later
added 852 packages, and audited 853 packages in 14s
112 packages are looking for funding
  run `npm fund` for details
3 vulnerabilities (2 moderate, 1 high)
To address all issues, run:
  npm audit fix --force
